###############################################################################
#
# IAR ELF Linker V8.40.1.212/W32 for ARM                  17/Dec/2019  22:43:24
# Copyright 2007-2019 IAR Systems AB.
#
#    Output file  =
#        C:\Users\lsanvictores\Documents\HW assignment
#        8\Project\EWARM\Project\Exe\Project.out
#    Map file     =
#        C:\Users\lsanvictores\Documents\HW assignment
#        8\Project\EWARM\Project\List\Project.map
#    Command line =
#        -f C:\Users\LSANVI~1\AppData\Local\Temp\EW7968.tmp
#        ("C:\Users\lsanvictores\Documents\HW assignment
#        8\Project\EWARM\Project\Obj\main.o"
#        "C:\Users\lsanvictores\Documents\HW assignment
#        8\Project\EWARM\Project\Obj\startup_stm32f401xe.o"
#        "C:\Users\lsanvictores\Documents\HW assignment
#        8\Project\EWARM\Project\Obj\stm32f4xx_hal.o"
#        "C:\Users\lsanvictores\Documents\HW assignment
#        8\Project\EWARM\Project\Obj\stm32f4xx_hal_cortex.o"
#        "C:\Users\lsanvictores\Documents\HW assignment
#        8\Project\EWARM\Project\Obj\stm32f4xx_hal_dma.o"
#        "C:\Users\lsanvictores\Documents\HW assignment
#        8\Project\EWARM\Project\Obj\stm32f4xx_hal_dma_ex.o"
#        "C:\Users\lsanvictores\Documents\HW assignment
#        8\Project\EWARM\Project\Obj\stm32f4xx_hal_exti.o"
#        "C:\Users\lsanvictores\Documents\HW assignment
#        8\Project\EWARM\Project\Obj\stm32f4xx_hal_flash.o"
#        "C:\Users\lsanvictores\Documents\HW assignment
#        8\Project\EWARM\Project\Obj\stm32f4xx_hal_flash_ex.o"
#        "C:\Users\lsanvictores\Documents\HW assignment
#        8\Project\EWARM\Project\Obj\stm32f4xx_hal_flash_ramfunc.o"
#        "C:\Users\lsanvictores\Documents\HW assignment
#        8\Project\EWARM\Project\Obj\stm32f4xx_hal_gpio.o"
#        "C:\Users\lsanvictores\Documents\HW assignment
#        8\Project\EWARM\Project\Obj\stm32f4xx_hal_msp.o"
#        "C:\Users\lsanvictores\Documents\HW assignment
#        8\Project\EWARM\Project\Obj\stm32f4xx_hal_pwr.o"
#        "C:\Users\lsanvictores\Documents\HW assignment
#        8\Project\EWARM\Project\Obj\stm32f4xx_hal_pwr_ex.o"
#        "C:\Users\lsanvictores\Documents\HW assignment
#        8\Project\EWARM\Project\Obj\stm32f4xx_hal_rcc.o"
#        "C:\Users\lsanvictores\Documents\HW assignment
#        8\Project\EWARM\Project\Obj\stm32f4xx_hal_rcc_ex.o"
#        "C:\Users\lsanvictores\Documents\HW assignment
#        8\Project\EWARM\Project\Obj\stm32f4xx_hal_tim.o"
#        "C:\Users\lsanvictores\Documents\HW assignment
#        8\Project\EWARM\Project\Obj\stm32f4xx_hal_tim_ex.o"
#        "C:\Users\lsanvictores\Documents\HW assignment
#        8\Project\EWARM\Project\Obj\stm32f4xx_hal_uart.o"
#        "C:\Users\lsanvictores\Documents\HW assignment
#        8\Project\EWARM\Project\Obj\stm32f4xx_it.o"
#        "C:\Users\lsanvictores\Documents\HW assignment
#        8\Project\EWARM\Project\Obj\system_stm32f4xx.o" --redirect
#        _Printf=_PrintfFull --redirect _Scanf=_ScanfFull --no_out_extension -o
#        "C:\Users\lsanvictores\Documents\HW assignment
#        8\Project\EWARM\Project\Exe\Project.out" --map
#        "C:\Users\lsanvictores\Documents\HW assignment
#        8\Project\EWARM\Project\List\Project.map" --config
#        "C:\Users\lsanvictores\Documents\HW assignment
#        8\Project\EWARM/stm32f401xe_flash.icf" --semihosting --entry
#        __iar_program_start --vfe --text_out locale)
#
###############################################################################

*******************************************************************************
*** RUNTIME MODEL ATTRIBUTES
***

CppFlavor       = *
__SystemLibrary = DLib
__dlib_version  = 6


*******************************************************************************
*** HEAP SELECTION
***

The basic heap was selected because some modules are built with
size limitations (and not runtime checking), and --advanced_heap
was not specified.


*******************************************************************************
*** PLACEMENT SUMMARY
***

"A0":  place at address 0x800'0000 { ro section .intvec };
"P1":  place in [from 0x800'0000 to 0x807'ffff] { ro };
define block CSTACK with size = 1K, alignment = 8 { };
define block HEAP with size = 512, alignment = 8 { };
"P2":  place in [from 0x2000'0000 to 0x2001'7fff] {
          rw, block CSTACK, block HEAP };
initialize by copy { rw };

  Section            Kind         Address    Size  Object
  -------            ----         -------    ----  ------
"A0":                                       0x194
  .intvec            ro code   0x800'0000   0x194  startup_stm32f401xe.o [1]
                             - 0x800'0194   0x194

"P1":                                      0x113c
  .text              ro code   0x800'0194   0x310  stm32f4xx_hal_rcc.o [1]
  .text              ro code   0x800'04a4     0xc  stm32f4xx_hal.o [1]
  .text              ro code   0x800'04b0   0x1ce  stm32f4xx_hal_gpio.o [1]
  .text              ro code   0x800'067e    0x3a  zero_init3.o [4]
  .text              ro code   0x800'06b8   0x1c2  main.o [1]
  .text              ro code   0x800'087a    0x2e  copy_init3.o [4]
  .text              ro code   0x800'08a8    0x34  stm32f4xx_hal.o [1]
  .text              ro code   0x800'08dc    0xc4  stm32f4xx_hal_cortex.o [1]
  .text              ro code   0x800'09a0    0xec  stm32f4xx_hal_tim.o [1]
  .text              ro code   0x800'0a8c   0x15c  stm32f4xx_hal_uart.o [1]
  .text              ro code   0x800'0be8    0x14  memset.o [4]
  .text              ro code   0x800'0bfc   0x1ac  stm32f4xx_hal_rcc.o [1]
  .text              ro code   0x800'0da8    0x40  stm32f4xx_hal.o [1]
  .text              ro code   0x800'0de8    0xd0  stm32f4xx_hal_msp.o [1]
  .text              ro code   0x800'0eb8   0x106  I64DivMod_small.o [4]
  .text              ro code   0x800'0fc0    0x66  ABImemset.o [4]
  .text              ro code   0x800'1028     0x2  I64DivZer.o [4]
  .text              ro code   0x800'102c    0x78  stm32f4xx_it.o [1]
  .text              ro code   0x800'10a4    0x10  stm32f4xx_hal.o [1]
  .text              ro code   0x800'10b4    0x28  stm32f4xx_hal.o [1]
  .text              ro code   0x800'10dc    0x2c  system_stm32f4xx.o [1]
  .text              ro code   0x800'1108    0x28  data_init.o [4]
  .text              ro code   0x800'1130    0x22  fpinit_M.o [3]
  .iar.init_table    const     0x800'1154    0x24  - Linker created -
  .text              ro code   0x800'1178    0x1e  cmain.o [4]
  .text              ro code   0x800'1196     0x4  low_level_init.o [2]
  .text              ro code   0x800'119a     0x4  exit.o [2]
  .text              ro code   0x800'11a0     0xa  cexit.o [4]
  .text              ro code   0x800'11ac    0x14  exit.o [5]
  .text              ro code   0x800'11c0    0x10  startup_stm32f401xe.o [1]
  Initializer bytes  const     0x800'11d0    0x10  <for P2-1>
  .text              ro code   0x800'11e0     0xc  cstartup_M.o [4]
  .rodata            const     0x800'11ec     0x8  system_stm32f4xx.o [1]
  .text              ro code   0x800'11f4     0x4  startup_stm32f401xe.o [1]
  .text              ro code   0x800'11f8     0x4  startup_stm32f401xe.o [1]
  .text              ro code   0x800'11fc     0x4  startup_stm32f401xe.o [1]
  .text              ro code   0x800'1200     0x4  startup_stm32f401xe.o [1]
  .text              ro code   0x800'1204     0x4  startup_stm32f401xe.o [1]
  .text              ro code   0x800'1208     0x4  startup_stm32f401xe.o [1]
  .text              ro code   0x800'120c     0x4  startup_stm32f401xe.o [1]
  .text              ro code   0x800'1210     0x4  startup_stm32f401xe.o [1]
  .text              ro code   0x800'1214     0x4  startup_stm32f401xe.o [1]
  .text              ro code   0x800'1218     0x4  startup_stm32f401xe.o [1]
  .text              ro code   0x800'121c     0x4  startup_stm32f401xe.o [1]
  .text              ro code   0x800'1220     0x4  startup_stm32f401xe.o [1]
  .text              ro code   0x800'1224     0x4  startup_stm32f401xe.o [1]
  .text              ro code   0x800'1228     0x4  startup_stm32f401xe.o [1]
  .text              ro code   0x800'122c     0x4  startup_stm32f401xe.o [1]
  .text              ro code   0x800'1230     0x4  startup_stm32f401xe.o [1]
  .text              ro code   0x800'1234     0x4  startup_stm32f401xe.o [1]
  .text              ro code   0x800'1238     0x4  startup_stm32f401xe.o [1]
  .text              ro code   0x800'123c     0x4  startup_stm32f401xe.o [1]
  .text              ro code   0x800'1240     0x4  startup_stm32f401xe.o [1]
  .text              ro code   0x800'1244     0x4  startup_stm32f401xe.o [1]
  .text              ro code   0x800'1248     0x4  startup_stm32f401xe.o [1]
  .text              ro code   0x800'124c     0x4  startup_stm32f401xe.o [1]
  .text              ro code   0x800'1250     0x4  startup_stm32f401xe.o [1]
  .text              ro code   0x800'1254     0x4  startup_stm32f401xe.o [1]
  .text              ro code   0x800'1258     0x4  startup_stm32f401xe.o [1]
  .text              ro code   0x800'125c     0x4  startup_stm32f401xe.o [1]
  .text              ro code   0x800'1260     0x4  startup_stm32f401xe.o [1]
  .text              ro code   0x800'1264     0x4  startup_stm32f401xe.o [1]
  .text              ro code   0x800'1268     0x4  startup_stm32f401xe.o [1]
  .text              ro code   0x800'126c     0x4  startup_stm32f401xe.o [1]
  .text              ro code   0x800'1270     0x4  startup_stm32f401xe.o [1]
  .text              ro code   0x800'1274     0x4  startup_stm32f401xe.o [1]
  .text              ro code   0x800'1278     0x4  startup_stm32f401xe.o [1]
  .text              ro code   0x800'127c     0x4  startup_stm32f401xe.o [1]
  .text              ro code   0x800'1280     0x4  startup_stm32f401xe.o [1]
  .text              ro code   0x800'1284     0x4  startup_stm32f401xe.o [1]
  .text              ro code   0x800'1288     0x4  startup_stm32f401xe.o [1]
  .text              ro code   0x800'128c     0x4  startup_stm32f401xe.o [1]
  .text              ro code   0x800'1290     0x4  startup_stm32f401xe.o [1]
  .text              ro code   0x800'1294     0x4  startup_stm32f401xe.o [1]
  .text              ro code   0x800'1298     0x4  startup_stm32f401xe.o [1]
  .text              ro code   0x800'129c     0x4  startup_stm32f401xe.o [1]
  .text              ro code   0x800'12a0     0x4  startup_stm32f401xe.o [1]
  .text              ro code   0x800'12a4     0x4  startup_stm32f401xe.o [1]
  .text              ro code   0x800'12a8     0x4  startup_stm32f401xe.o [1]
  .text              ro code   0x800'12ac     0x4  startup_stm32f401xe.o [1]
  .text              ro code   0x800'12b0     0x4  startup_stm32f401xe.o [1]
  .text              ro code   0x800'12b4     0x4  startup_stm32f401xe.o [1]
  .text              ro code   0x800'12b8     0x4  startup_stm32f401xe.o [1]
  .text              ro code   0x800'12bc     0x4  startup_stm32f401xe.o [1]
  .text              ro code   0x800'12c0     0x4  startup_stm32f401xe.o [1]
  .text              ro code   0x800'12c4     0x4  startup_stm32f401xe.o [1]
  .text              ro code   0x800'12c8     0x4  startup_stm32f401xe.o [1]
  .text              ro code   0x800'12cc     0x4  startup_stm32f401xe.o [1]
  .rodata            const     0x800'12d0     0x0  zero_init3.o [4]
  .rodata            const     0x800'12d0     0x0  copy_init3.o [4]
                             - 0x800'12d0  0x113c

"P2", part 1 of 3:                           0x10
  P2-1                        0x2000'0000    0x10  <Init block>
    .data            inited   0x2000'0000     0xc  stm32f4xx_hal.o [1]
    .data            inited   0x2000'000c     0x4  system_stm32f4xx.o [1]
                            - 0x2000'0010    0x10

"P2", part 2 of 3:                           0x84
  .bss               zero     0x2000'0010    0x80  main.o [1]
  .bss               zero     0x2000'0090     0x1  stm32f4xx_it.o [1]
                            - 0x2000'0091    0x81

"P2", part 3 of 3:                          0x400
  CSTACK                      0x2000'0098   0x400  <Block>
    CSTACK           uninit   0x2000'0098   0x400  <Block tail>
                            - 0x2000'0498   0x400

Unused ranges:

         From           To      Size
         ----           --      ----
   0x800'12d0   0x807'ffff  0x7'ed30
  0x2000'0094  0x2000'0097       0x4
  0x2000'0498  0x2001'7fff  0x1'7b68


*******************************************************************************
*** INIT TABLE
***

          Address      Size
          -------      ----
Zero (__iar_zero_init3)
    1 destination range, total size 0x81:
          0x2000'0010  0x81

Copy (__iar_copy_init3)
    1 source range, total size 0x10:
           0x800'11d0  0x10
    1 destination range, total size 0x10:
          0x2000'0000  0x10



*******************************************************************************
*** MODULE SUMMARY
***

    Module                  ro code  ro data  rw data
    ------                  -------  -------  -------
command line/config:
    -------------------------------------------------
    Total:

C:\Users\lsanvictores\Documents\HW assignment 8\Project\EWARM\Project\Obj: [1]
    main.o                      450               128
    startup_stm32f401xe.o       640
    stm32f4xx_hal.o             184       12       12
    stm32f4xx_hal_cortex.o      196
    stm32f4xx_hal_gpio.o        462
    stm32f4xx_hal_msp.o         208
    stm32f4xx_hal_rcc.o       1'212
    stm32f4xx_hal_tim.o         236
    stm32f4xx_hal_uart.o        348
    stm32f4xx_it.o              120                 1
    system_stm32f4xx.o           44       12        4
    -------------------------------------------------
    Total:                    4'100       24      145

dl7M_tln.a: [2]
    exit.o                        4
    low_level_init.o              4
    -------------------------------------------------
    Total:                        8

m7M_tls.a: [3]
    fpinit_M.o                   34
    -------------------------------------------------
    Total:                       34

rt7M_tl.a: [4]
    ABImemset.o                 102
    I64DivMod_small.o           262
    I64DivZer.o                   2
    cexit.o                      10
    cmain.o                      30
    copy_init3.o                 46
    cstartup_M.o                 12
    data_init.o                  40
    memset.o                     20
    zero_init3.o                 58
    -------------------------------------------------
    Total:                      582

shb_l.a: [5]
    exit.o                       20
    -------------------------------------------------
    Total:                       20

    Gaps                         10        2
    Linker created                        36    1'024
-----------------------------------------------------
    Grand Total:              4'754       62    1'169


*******************************************************************************
*** ENTRY LIST
***

Entry                       Address   Size  Type      Object
-----                       -------   ----  ----      ------
.iar.init_table$$Base    0x800'1154          --   Gb  - Linker created -
.iar.init_table$$Limit   0x800'1178          --   Gb  - Linker created -
?main                    0x800'1179         Code  Gb  cmain.o [4]
AHBPrescTable            0x800'10f8   0x10  Data  Gb  system_stm32f4xx.o [1]
APBPrescTable            0x800'11ec    0x8  Data  Gb  system_stm32f4xx.o [1]
BusFault_Handler         0x800'1033    0x2  Code  Gb  stm32f4xx_it.o [1]
CSTACK$$Base            0x2000'0098          --   Gb  - Linker created -
CSTACK$$Limit           0x2000'0498          --   Gb  - Linker created -
DebugMon_Handler         0x800'1039    0x2  Code  Gb  stm32f4xx_it.o [1]
EXTI15_10_IRQHandler     0x800'1041   0x5a  Code  Gb  stm32f4xx_it.o [1]
HAL_Delay                0x800'10b5   0x28  Code  Wk  stm32f4xx_hal.o [1]
HAL_GPIO_EXTI_IRQHandler
                         0x800'0649   0x10  Code  Gb  stm32f4xx_hal_gpio.o [1]
HAL_GPIO_Init            0x800'04b1  0x190  Code  Gb  stm32f4xx_hal_gpio.o [1]
HAL_GPIO_WritePin        0x800'0641    0x8  Code  Gb  stm32f4xx_hal_gpio.o [1]
HAL_GetTick              0x800'04a5    0xc  Code  Wk  stm32f4xx_hal.o [1]
HAL_IncTick              0x800'10a5   0x10  Code  Wk  stm32f4xx_hal.o [1]
HAL_Init                 0x800'08a9   0x30  Code  Gb  stm32f4xx_hal.o [1]
HAL_InitTick             0x800'0da9   0x40  Code  Wk  stm32f4xx_hal.o [1]
HAL_MspInit              0x800'0de9   0x34  Code  Gb  stm32f4xx_hal_msp.o [1]
HAL_NVIC_EnableIRQ       0x800'094b   0x16  Code  Gb  stm32f4xx_hal_cortex.o [1]
HAL_NVIC_SetPriority     0x800'0911   0x3a  Code  Gb  stm32f4xx_hal_cortex.o [1]
HAL_NVIC_SetPriorityGrouping
                         0x800'08f7   0x1a  Code  Gb  stm32f4xx_hal_cortex.o [1]
HAL_RCC_ClockConfig      0x800'0bfd  0x100  Code  Gb  stm32f4xx_hal_rcc.o [1]
HAL_RCC_GetPCLK1Freq     0x800'0d09   0x10  Code  Gb  stm32f4xx_hal_rcc.o [1]
HAL_RCC_GetPCLK2Freq     0x800'0d19    0xe  Code  Gb  stm32f4xx_hal_rcc.o [1]
HAL_RCC_OscConfig        0x800'0195  0x310  Code  Wk  stm32f4xx_hal_rcc.o [1]
HAL_SYSTICK_Config       0x800'0961   0x28  Code  Gb  stm32f4xx_hal_cortex.o [1]
HAL_TIM_OnePulse_Init    0x800'09b1   0x40  Code  Gb  stm32f4xx_hal_tim.o [1]
HAL_TIM_OnePulse_MspInit
                         0x800'0e1d   0x26  Code  Gb  stm32f4xx_hal_msp.o [1]
HAL_UART_Init            0x800'0a8d   0x1e  Code  Gb  stm32f4xx_hal_uart.o [1]
HAL_UART_MspInit         0x800'0e43   0x62  Code  Gb  stm32f4xx_hal_msp.o [1]
HardFault_Handler        0x800'102f    0x2  Code  Gb  stm32f4xx_it.o [1]
MemManage_Handler        0x800'1031    0x2  Code  Gb  stm32f4xx_it.o [1]
NMI_Handler              0x800'102d    0x2  Code  Gb  stm32f4xx_it.o [1]
PendSV_Handler           0x800'103b    0x2  Code  Gb  stm32f4xx_it.o [1]
Region$$Table$$Base      0x800'1154          --   Gb  - Linker created -
Region$$Table$$Limit     0x800'1178          --   Gb  - Linker created -
SVC_Handler              0x800'1037    0x2  Code  Gb  stm32f4xx_it.o [1]
SysTick_Handler          0x800'103d    0x4  Code  Gb  stm32f4xx_it.o [1]
SystemClock_Config       0x800'07bb   0x92  Code  Gb  main.o [1]
SystemCoreClock         0x2000'000c    0x4  Data  Gb  system_stm32f4xx.o [1]
SystemInit               0x800'10dd   0x14  Code  Gb  system_stm32f4xx.o [1]
TIM_Base_SetConfig       0x800'09f1   0x7a  Code  Gb  stm32f4xx_hal_tim.o [1]
UART_SetConfig           0x800'0b03   0xca  Code  Lc  stm32f4xx_hal_uart.o [1]
UsageFault_Handler       0x800'1035    0x2  Code  Gb  stm32f4xx_it.o [1]
__NVIC_SetPriority       0x800'08dd   0x1a  Code  Lc  stm32f4xx_hal_cortex.o [1]
__aeabi_ldiv0            0x800'1029         Code  Gb  I64DivZer.o [4]
__aeabi_memset           0x800'0fc1         Code  Gb  ABImemset.o [4]
__cmain                  0x800'1179         Code  Gb  cmain.o [4]
__exit                   0x800'11ad   0x14  Code  Gb  exit.o [5]
__iar_Memset             0x800'0fc1         Code  Gb  ABImemset.o [4]
__iar_Memset_word        0x800'0fc9         Code  Gb  ABImemset.o [4]
__iar_copy_init3         0x800'087b   0x2e  Code  Gb  copy_init3.o [4]
__iar_data_init3         0x800'1109   0x28  Code  Gb  data_init.o [4]
__iar_init_vfp           0x800'1131         Code  Gb  fpinit_M.o [3]
__iar_program_start      0x800'11e1         Code  Gb  cstartup_M.o [4]
__iar_small_uldivmod     0x800'0eb9         Code  Gb  I64DivMod_small.o [4]
__iar_zero_init3         0x800'067f   0x3a  Code  Gb  zero_init3.o [4]
__low_level_init         0x800'1197    0x4  Code  Gb  low_level_init.o [2]
__vector_table           0x800'0000         Data  Gb  startup_stm32f401xe.o [1]
_call_main               0x800'1185         Code  Gb  cmain.o [4]
_exit                    0x800'11a1         Code  Gb  cexit.o [4]
_main                    0x800'1193         Code  Gb  cmain.o [4]
exit                     0x800'119b    0x4  Code  Gb  exit.o [2]
htim4                   0x2000'0050   0x40  Data  Gb  main.o [1]
huart2                  0x2000'0010   0x40  Data  Gb  main.o [1]
ledState                0x2000'0090    0x1  Data  Gb  stm32f4xx_it.o [1]
main                     0x800'06b9  0x102  Code  Gb  main.o [1]
memset                   0x800'0be9   0x14  Code  Gb  memset.o [4]
uwTick                  0x2000'0004    0x4  Data  Gb  stm32f4xx_hal.o [1]
uwTickFreq              0x2000'0000    0x1  Data  Gb  stm32f4xx_hal.o [1]
uwTickPrio              0x2000'0008    0x4  Data  Gb  stm32f4xx_hal.o [1]


[1] = C:\Users\lsanvictores\Documents\HW assignment 8\Project\EWARM\Project\Obj
[2] = dl7M_tln.a
[3] = m7M_tls.a
[4] = rt7M_tl.a
[5] = shb_l.a

  4'754 bytes of readonly  code memory
     62 bytes of readonly  data memory
  1'169 bytes of readwrite data memory

Errors: none
Warnings: none
